================================================================
Logging initialized. Saving all terminal output to: forecast_run_20260816_141550.log
================================================================
Loading hand-crafted continuous features and building hourly labels...
  19969 hourly feature vectors, 261 M>=4.5 AEGEAN events in the full catalog
Device: cuda

################################################################
# horizon = 30 days
################################################################
  hourly positive rate: 0.498

================================================================
fold 1/5
================================================================
  splits (chronological): train=2828 val=2662 test=2662
    train: positive rate 0.552
    val  : positive rate 0.060
    test : positive rate 0.419

  positive rate over time (equal-width blocks):
    2024-05-01 .. 2024-07-23  pos rate 0.866  n=1996  split~train
    2024-07-23 .. 2024-10-14  pos rate 0.000  n=1997  split~train
    2024-10-14 .. 2025-01-05  pos rate 0.163  n=1997  split~val
    2025-01-05 .. 2025-03-29  pos rate 0.239  n=1997  split~test
    2025-03-29 .. 2025-06-20  pos rate 0.771  n=1997  split~test
    2025-06-21 .. 2025-09-12  pos rate 0.750  n=1997  split~-
    2025-09-12 .. 2025-12-04  pos rate 1.000  n=1997  split~-
    2025-12-04 .. 2026-02-25  pos rate 0.691  n=1997  split~-
    2026-02-25 .. 2026-05-19  pos rate 0.502  n=1997  split~-
    2026-05-19 .. 2026-08-11  pos rate 0.000  n=1997  split~-

Training ForecastGRU (3 seed(s)): [42, 43, 44]
  [seed 42] ForecastGRU epoch 01/60 val AUC 0.9192 val loss 4.3050
  [seed 42] ForecastGRU epoch 02/60 val AUC 0.9084 val loss 5.7153
  [seed 42] ForecastGRU epoch 03/60 val AUC 0.9065 val loss 6.1385
  [seed 42] ForecastGRU epoch 04/60 val AUC 0.9024 val loss 6.7624
  [seed 42] ForecastGRU epoch 05/60 val AUC 0.9005 val loss 7.7718
  [seed 42] ForecastGRU epoch 06/60 val AUC 0.8998 val loss 6.5838
  [seed 42] ForecastGRU epoch 07/60 val AUC 0.8676 val loss 7.0854
  [seed 42] ForecastGRU epoch 08/60 val AUC 0.8380 val loss 7.2331
  [seed 42] ForecastGRU epoch 09/60 val AUC 0.8369 val loss 6.8603
  [seed 42] ForecastGRU epoch 10/60 val AUC 0.8109 val loss 7.9400
  [seed 42] ForecastGRU epoch 11/60 val AUC 0.8581 val loss 6.4817
  [seed 42] Early stopping triggered at epoch 11
  [seed 42] ForecastGRU test AUC 0.6713
  [seed 43] ForecastGRU epoch 01/60 val AUC 0.8568 val loss 4.4406
  [seed 43] ForecastGRU epoch 02/60 val AUC 0.8781 val loss 5.4381
  [seed 43] ForecastGRU epoch 03/60 val AUC 0.8926 val loss 6.5317
  [seed 43] ForecastGRU epoch 04/60 val AUC 0.8801 val loss 6.1761
  [seed 43] ForecastGRU epoch 05/60 val AUC 0.8812 val loss 8.0749
  [seed 43] ForecastGRU epoch 06/60 val AUC 0.8763 val loss 7.7369
  [seed 43] ForecastGRU epoch 07/60 val AUC 0.8741 val loss 7.4129
  [seed 43] ForecastGRU epoch 08/60 val AUC 0.8541 val loss 8.7721
  [seed 43] ForecastGRU epoch 09/60 val AUC 0.8603 val loss 7.5403
  [seed 43] ForecastGRU epoch 10/60 val AUC 0.8642 val loss 7.7155
  [seed 43] ForecastGRU epoch 11/60 val AUC 0.8630 val loss 8.8322
  [seed 43] ForecastGRU epoch 12/60 val AUC 0.8608 val loss 8.6461
  [seed 43] ForecastGRU epoch 13/60 val AUC 0.8563 val loss 7.9653
  [seed 43] Early stopping triggered at epoch 13
  [seed 43] ForecastGRU test AUC 0.7397
  [seed 44] ForecastGRU epoch 01/60 val AUC 0.8208 val loss 5.0007
  [seed 44] ForecastGRU epoch 02/60 val AUC 0.8044 val loss 7.5366
  [seed 44] ForecastGRU epoch 03/60 val AUC 0.8341 val loss 6.6357
  [seed 44] ForecastGRU epoch 04/60 val AUC 0.8053 val loss 9.7058
  [seed 44] ForecastGRU epoch 05/60 val AUC 0.7987 val loss 10.1183
  [seed 44] ForecastGRU epoch 06/60 val AUC 0.8160 val loss 9.5522
  [seed 44] ForecastGRU epoch 07/60 val AUC 0.8098 val loss 9.2599
  [seed 44] ForecastGRU epoch 08/60 val AUC 0.8056 val loss 10.0400
  [seed 44] ForecastGRU epoch 09/60 val AUC 0.8019 val loss 9.7615
  [seed 44] ForecastGRU epoch 10/60 val AUC 0.7864 val loss 11.5487
  [seed 44] ForecastGRU epoch 11/60 val AUC 0.7915 val loss 11.1794
  [seed 44] ForecastGRU epoch 12/60 val AUC 0.7919 val loss 11.6147
  [seed 44] ForecastGRU epoch 13/60 val AUC 0.7871 val loss 11.3590
  [seed 44] Early stopping triggered at epoch 13
  [seed 44] ForecastGRU test AUC 0.7144
  per-seed AUC: ['0.6713', '0.7397', '0.7144']  mean 0.7085  spread 0.0684
  ENSEMBLE AUC 0.7119   n=2662

Training ForecastTCN (3 seed(s)): [42, 43, 44]
  [seed 42] ForecastTCN epoch 01/60 val AUC 0.9206 val loss 1.1325
  [seed 42] ForecastTCN epoch 02/60 val AUC 0.9149 val loss 2.7445
  [seed 42] ForecastTCN epoch 03/60 val AUC 0.7705 val loss 5.5370
  [seed 42] ForecastTCN epoch 04/60 val AUC 0.7511 val loss 8.8510
  [seed 42] ForecastTCN epoch 05/60 val AUC 0.7143 val loss 13.8211
  [seed 42] ForecastTCN epoch 06/60 val AUC 0.7135 val loss 11.5763
  [seed 42] ForecastTCN epoch 07/60 val AUC 0.6839 val loss 19.2168
  [seed 42] ForecastTCN epoch 08/60 val AUC 0.6956 val loss 17.6875
  [seed 42] ForecastTCN epoch 09/60 val AUC 0.7046 val loss 14.6745
  [seed 42] ForecastTCN epoch 10/60 val AUC 0.6683 val loss 27.6329
  [seed 42] ForecastTCN epoch 11/60 val AUC 0.7438 val loss 20.9802
  [seed 42] Early stopping triggered at epoch 11
  [seed 42] ForecastTCN test AUC 0.3631
  [seed 43] ForecastTCN epoch 01/60 val AUC 0.9147 val loss 1.1190
  [seed 43] ForecastTCN epoch 02/60 val AUC 0.8892 val loss 0.9999
  [seed 43] ForecastTCN epoch 03/60 val AUC 0.8212 val loss 5.5983
  [seed 43] ForecastTCN epoch 04/60 val AUC 0.7980 val loss 15.7030
  [seed 43] ForecastTCN epoch 05/60 val AUC 0.7643 val loss 11.9730
  [seed 43] ForecastTCN epoch 06/60 val AUC 0.7571 val loss 18.4736
  [seed 43] ForecastTCN epoch 07/60 val AUC 0.7063 val loss 14.2774
  [seed 43] ForecastTCN epoch 08/60 val AUC 0.7188 val loss 16.0549
  [seed 43] ForecastTCN epoch 09/60 val AUC 0.7407 val loss 19.5045
  [seed 43] ForecastTCN epoch 10/60 val AUC 0.7232 val loss 13.9483
  [seed 43] ForecastTCN epoch 11/60 val AUC 0.7280 val loss 29.4481
  [seed 43] Early stopping triggered at epoch 11
  [seed 43] ForecastTCN test AUC 0.3342
  [seed 44] ForecastTCN epoch 01/60 val AUC 0.9295 val loss 1.1984
  [seed 44] ForecastTCN epoch 02/60 val AUC 0.9065 val loss 2.3294
  [seed 44] ForecastTCN epoch 03/60 val AUC 0.8291 val loss 6.1348
  [seed 44] ForecastTCN epoch 04/60 val AUC 0.8141 val loss 17.8410
  [seed 44] ForecastTCN epoch 05/60 val AUC 0.7578 val loss 20.9648
  [seed 44] ForecastTCN epoch 06/60 val AUC 0.7890 val loss 16.1520
  [seed 44] ForecastTCN epoch 07/60 val AUC 0.7558 val loss 27.6794
  [seed 44] ForecastTCN epoch 08/60 val AUC 0.7459 val loss 20.0010
  [seed 44] ForecastTCN epoch 09/60 val AUC 0.7127 val loss 36.1362
  [seed 44] ForecastTCN epoch 10/60 val AUC 0.7579 val loss 29.7832
  [seed 44] ForecastTCN epoch 11/60 val AUC 0.7619 val loss 25.9301
  [seed 44] Early stopping triggered at epoch 11
  [seed 44] ForecastTCN test AUC 0.3555
  per-seed AUC: ['0.3631', '0.3342', '0.3555']  mean 0.3509  spread 0.0289
  ENSEMBLE AUC 0.3490   n=2662

--- Floors (test set) ---
  base-rate (majority)   AUC 0.5000   n=2662
  persistence            AUC 0.2601   n=2662

  ForecastGRU Ensemble beats max(chance, persistence) by +0.2119 AUC.

--- ForecastGRU (fold 1/5, test set) ---
  n                    2662
  accuracy             0.4369
  balanced_accuracy    0.5152
  precision            0.4268
  recall               1.0000
  f1                   0.5982
  roc_auc              0.7119
  pr_auc               0.6434
  mcc                  0.1139
  brier                0.4898
  log_loss             2.5595
  confusion_matrix:
    [47, 1499]
    [0, 1116]

  [!] ForecastTCN Ensemble does NOT clear max(chance, persistence).

--- ForecastTCN (fold 1/5, test set) ---
  n                    2662
  accuracy             0.4189
  balanced_accuracy    0.4805
  precision            0.4085
  recall               0.8620
  f1                   0.5543
  roc_auc              0.3490
  pr_auc               0.3409
  mcc                  -0.0603
  brier                0.4131
  log_loss             1.5062
  confusion_matrix:
    [153, 1393]
    [154, 962]

================================================================
fold 2/5
================================================================
  splits (chronological): train=5490 val=2662 test=2662
    train: positive rate 0.313
    val  : positive rate 0.419
    test : positive rate 0.713

  positive rate over time (equal-width blocks):
    2024-05-01 .. 2024-07-23  pos rate 0.866  n=1996  split~train
    2024-07-23 .. 2024-10-14  pos rate 0.000  n=1997  split~train
    2024-10-14 .. 2025-01-05  pos rate 0.163  n=1997  split~train
    2025-01-05 .. 2025-03-29  pos rate 0.239  n=1997  split~val
    2025-03-29 .. 2025-06-20  pos rate 0.771  n=1997  split~test
    2025-06-21 .. 2025-09-12  pos rate 0.750  n=1997  split~test
    2025-09-12 .. 2025-12-04  pos rate 1.000  n=1997  split~-
    2025-12-04 .. 2026-02-25  pos rate 0.691  n=1997  split~-
    2026-02-25 .. 2026-05-19  pos rate 0.502  n=1997  split~-
    2026-05-19 .. 2026-08-11  pos rate 0.000  n=1997  split~-

  [!] test positive rate (0.713) is 2.27x train's (0.313) -- likely a swarm or quiet period concentrated in one split rather than the model generalizing. Compare AUC against the base-rate/persistence floors below (same skew), not against 0.5.

Training ForecastGRU (3 seed(s)): [42, 43, 44]
  [seed 42] ForecastGRU epoch 01/60 val AUC 0.2860 val loss 5.2918
  [seed 42] ForecastGRU epoch 02/60 val AUC 0.2606 val loss 7.1134
  [seed 42] ForecastGRU epoch 03/60 val AUC 0.2906 val loss 7.4036
  [seed 42] ForecastGRU epoch 04/60 val AUC 0.2764 val loss 8.9523
  [seed 42] ForecastGRU epoch 05/60 val AUC 0.3600 val loss 8.3060
  [seed 42] ForecastGRU epoch 06/60 val AUC 0.2946 val loss 9.2110
  [seed 42] ForecastGRU epoch 07/60 val AUC 0.2869 val loss 8.7893
  [seed 42] ForecastGRU epoch 08/60 val AUC 0.2836 val loss 9.1525
  [seed 42] ForecastGRU epoch 09/60 val AUC 0.2829 val loss 8.7785
  [seed 42] ForecastGRU epoch 10/60 val AUC 0.3375 val loss 7.0181
  [seed 42] ForecastGRU epoch 11/60 val AUC 0.3788 val loss 7.8659
  [seed 42] ForecastGRU epoch 12/60 val AUC 0.2813 val loss 10.1050
  [seed 42] ForecastGRU epoch 13/60 val AUC 0.2946 val loss 9.3210
  [seed 42] ForecastGRU epoch 14/60 val AUC 0.2763 val loss 10.4458
  [seed 42] ForecastGRU epoch 15/60 val AUC 0.2904 val loss 10.0009
  [seed 42] ForecastGRU epoch 16/60 val AUC 0.2751 val loss 10.8456
  [seed 42] ForecastGRU epoch 17/60 val AUC 0.2772 val loss 10.8452
  [seed 42] ForecastGRU epoch 18/60 val AUC 0.2900 val loss 10.3523
  [seed 42] ForecastGRU epoch 19/60 val AUC 0.2952 val loss 10.1431
  [seed 42] ForecastGRU epoch 20/60 val AUC 0.2702 val loss 11.6362
  [seed 42] ForecastGRU epoch 21/60 val AUC 0.2636 val loss 12.0845
  [seed 42] Early stopping triggered at epoch 21
  [seed 42] ForecastGRU test AUC 0.4236
  [seed 43] ForecastGRU epoch 01/60 val AUC 0.3125 val loss 4.2706
  [seed 43] ForecastGRU epoch 02/60 val AUC 0.3187 val loss 5.6664
  [seed 43] ForecastGRU epoch 03/60 val AUC 0.2995 val loss 6.0894
  [seed 43] ForecastGRU epoch 04/60 val AUC 0.2920 val loss 6.3044
  [seed 43] ForecastGRU epoch 05/60 val AUC 0.2825 val loss 7.1224
  [seed 43] ForecastGRU epoch 06/60 val AUC 0.2591 val loss 7.2580
  [seed 43] ForecastGRU epoch 07/60 val AUC 0.2724 val loss 8.2998
  [seed 43] ForecastGRU epoch 08/60 val AUC 0.2622 val loss 9.6057
  [seed 43] ForecastGRU epoch 09/60 val AUC 0.2825 val loss 7.9477
  [seed 43] ForecastGRU epoch 10/60 val AUC 0.2878 val loss 8.4930
  [seed 43] ForecastGRU epoch 11/60 val AUC 0.2578 val loss 9.5839
  [seed 43] ForecastGRU epoch 12/60 val AUC 0.2674 val loss 9.7914
  [seed 43] Early stopping triggered at epoch 12
  [seed 43] ForecastGRU test AUC 0.4885
  [seed 44] ForecastGRU epoch 01/60 val AUC 0.4647 val loss 2.4141
  [seed 44] ForecastGRU epoch 02/60 val AUC 0.4663 val loss 2.7346
  [seed 44] ForecastGRU epoch 03/60 val AUC 0.3864 val loss 5.1889
  [seed 44] ForecastGRU epoch 04/60 val AUC 0.4016 val loss 5.0705
  [seed 44] ForecastGRU epoch 05/60 val AUC 0.4595 val loss 5.6297
  [seed 44] ForecastGRU epoch 06/60 val AUC 0.4219 val loss 6.3635
  [seed 44] ForecastGRU epoch 07/60 val AUC 0.4089 val loss 7.3101
  [seed 44] ForecastGRU epoch 08/60 val AUC 0.4573 val loss 7.3656
  [seed 44] ForecastGRU epoch 09/60 val AUC 0.4098 val loss 8.1091
  [seed 44] ForecastGRU epoch 10/60 val AUC 0.3568 val loss 9.9033
  [seed 44] ForecastGRU epoch 11/60 val AUC 0.3370 val loss 10.2141
  [seed 44] ForecastGRU epoch 12/60 val AUC 0.3405 val loss 10.1805
  [seed 44] Early stopping triggered at epoch 12
  [seed 44] ForecastGRU test AUC 0.5423
  per-seed AUC: ['0.4236', '0.4885', '0.5423']  mean 0.4848  spread 0.1187
  ENSEMBLE AUC 0.5034   n=2662

Training ForecastTCN (3 seed(s)): [42, 43, 44]
  [seed 42] ForecastTCN epoch 01/60 val AUC 0.5528 val loss 2775.9981
  [seed 42] ForecastTCN epoch 02/60 val AUC 0.5284 val loss 10992.7698
  [seed 42] ForecastTCN epoch 03/60 val AUC 0.5071 val loss 25554.9931
  [seed 42] ForecastTCN epoch 04/60 val AUC 0.5375 val loss 42783.7831
  [seed 42] ForecastTCN epoch 05/60 val AUC 0.4972 val loss 31240.4598
  [seed 42] ForecastTCN epoch 06/60 val AUC 0.5368 val loss 46176.3684
  [seed 42] ForecastTCN epoch 07/60 val AUC 0.5170 val loss 46734.0992
  [seed 42] ForecastTCN epoch 08/60 val AUC 0.5643 val loss 75173.8360
  [seed 42] ForecastTCN epoch 09/60 val AUC 0.6095 val loss 110567.3298
  [seed 42] ForecastTCN epoch 10/60 val AUC 0.5204 val loss 43302.3324
  [seed 42] ForecastTCN epoch 11/60 val AUC 0.5395 val loss 75193.9963
  [seed 42] ForecastTCN epoch 12/60 val AUC 0.5195 val loss 48226.3301
  [seed 42] ForecastTCN epoch 13/60 val AUC 0.5466 val loss 110947.0289
  [seed 42] ForecastTCN epoch 14/60 val AUC 0.4844 val loss 25629.6913
  [seed 42] ForecastTCN epoch 15/60 val AUC 0.5171 val loss 95681.6347
  [seed 42] ForecastTCN epoch 16/60 val AUC 0.5249 val loss 91856.4275
  [seed 42] ForecastTCN epoch 17/60 val AUC 0.5205 val loss 86365.4857
  [seed 42] ForecastTCN epoch 18/60 val AUC 0.5006 val loss 59512.9404
  [seed 42] ForecastTCN epoch 19/60 val AUC 0.5237 val loss 101331.4103
  [seed 42] Early stopping triggered at epoch 19
  [seed 42] ForecastTCN test AUC 0.4582
  [seed 43] ForecastTCN epoch 01/60 val AUC 0.5259 val loss 4.6111
  [seed 43] ForecastTCN epoch 02/60 val AUC 0.5306 val loss 1404.2451
  [seed 43] ForecastTCN epoch 03/60 val AUC 0.5008 val loss 8373.5049
  [seed 43] ForecastTCN epoch 04/60 val AUC 0.4890 val loss 11659.1442
  [seed 43] ForecastTCN epoch 05/60 val AUC 0.5101 val loss 2978.8874
  [seed 43] ForecastTCN epoch 06/60 val AUC 0.4672 val loss 5868.8375
  [seed 43] ForecastTCN epoch 07/60 val AUC 0.4765 val loss 9924.5505
  [seed 43] ForecastTCN epoch 08/60 val AUC 0.4803 val loss 3275.1903
  [seed 43] ForecastTCN epoch 09/60 val AUC 0.5451 val loss 29154.5820
  [seed 43] ForecastTCN epoch 10/60 val AUC 0.4666 val loss 17441.9923
  [seed 43] ForecastTCN epoch 11/60 val AUC 0.4899 val loss 23126.1691
  [seed 43] ForecastTCN epoch 12/60 val AUC 0.4710 val loss 14850.9645
  [seed 43] ForecastTCN epoch 13/60 val AUC 0.5249 val loss 15390.0799
  [seed 43] ForecastTCN epoch 14/60 val AUC 0.5407 val loss 24845.1137
  [seed 43] ForecastTCN epoch 15/60 val AUC 0.4927 val loss 16137.2377
  [seed 43] ForecastTCN epoch 16/60 val AUC 0.4899 val loss 6140.3269
  [seed 43] ForecastTCN epoch 17/60 val AUC 0.5140 val loss 146.9595
  [seed 43] ForecastTCN epoch 18/60 val AUC 0.5068 val loss 185.0046
  [seed 43] ForecastTCN epoch 19/60 val AUC 0.4931 val loss 135.4856
  [seed 43] Early stopping triggered at epoch 19
  [seed 43] ForecastTCN test AUC 0.4448
  [seed 44] ForecastTCN epoch 01/60 val AUC 0.5509 val loss 532.3363
  [seed 44] ForecastTCN epoch 02/60 val AUC 0.5312 val loss 4256.2122
  [seed 44] ForecastTCN epoch 03/60 val AUC 0.5011 val loss 12894.9731
  [seed 44] ForecastTCN epoch 04/60 val AUC 0.5304 val loss 23670.2752
  [seed 44] ForecastTCN epoch 05/60 val AUC 0.5200 val loss 32897.0556
  [seed 44] ForecastTCN epoch 06/60 val AUC 0.5367 val loss 39421.3193
  [seed 44] ForecastTCN epoch 07/60 val AUC 0.5501 val loss 63568.4034
  [seed 44] ForecastTCN epoch 08/60 val AUC 0.5835 val loss 71511.3301
  [seed 44] ForecastTCN epoch 09/60 val AUC 0.5624 val loss 83558.7743
  [seed 44] ForecastTCN epoch 10/60 val AUC 0.5790 val loss 101592.8729
  [seed 44] ForecastTCN epoch 11/60 val AUC 0.5115 val loss 90173.2295
  [seed 44] ForecastTCN epoch 12/60 val AUC 0.5891 val loss 81206.1268
  [seed 44] ForecastTCN epoch 13/60 val AUC 0.5809 val loss 97024.5930
  [seed 44] ForecastTCN epoch 14/60 val AUC 0.5126 val loss 33022.6951
  [seed 44] ForecastTCN epoch 15/60 val AUC 0.4921 val loss 58180.9093
  [seed 44] ForecastTCN epoch 16/60 val AUC 0.4788 val loss 48748.0783
  [seed 44] ForecastTCN epoch 17/60 val AUC 0.5182 val loss 29827.8391
  [seed 44] ForecastTCN epoch 18/60 val AUC 0.4923 val loss 40236.9101
  [seed 44] ForecastTCN epoch 19/60 val AUC 0.6033 val loss 89048.7700
  [seed 44] ForecastTCN epoch 20/60 val AUC 0.5466 val loss 39193.2045
  [seed 44] ForecastTCN epoch 21/60 val AUC 0.5046 val loss 27287.2901
  [seed 44] ForecastTCN epoch 22/60 val AUC 0.5576 val loss 42817.3174
  [seed 44] ForecastTCN epoch 23/60 val AUC 0.5075 val loss 44498.4691
  [seed 44] ForecastTCN epoch 24/60 val AUC 0.4978 val loss 94938.6101
  [seed 44] ForecastTCN epoch 25/60 val AUC 0.5093 val loss 75706.3910
  [seed 44] ForecastTCN epoch 26/60 val AUC 0.5173 val loss 59917.6869
  [seed 44] ForecastTCN epoch 27/60 val AUC 0.4876 val loss 1909.5205
  [seed 44] ForecastTCN epoch 28/60 val AUC 0.4807 val loss 12005.9496
  [seed 44] ForecastTCN epoch 29/60 val AUC 0.5137 val loss 38648.2899
  [seed 44] Early stopping triggered at epoch 29
  [seed 44] ForecastTCN test AUC 0.3915
  per-seed AUC: ['0.4582', '0.4448', '0.3915']  mean 0.4315  spread 0.0667
  ENSEMBLE AUC 0.4301   n=2662

--- Floors (test set) ---
  base-rate (majority)   AUC 0.5000   n=2662
  persistence            AUC 0.2750   n=2662

  ForecastGRU Ensemble beats max(chance, persistence) by +0.0034 AUC.

--- ForecastGRU (fold 2/5, test set) ---
  n                    2662
  accuracy             0.4651
  balanced_accuracy    0.5026
  precision            0.7152
  recall               0.4143
  f1                   0.5247
  roc_auc              0.5034
  pr_auc               0.7587
  mcc                  0.0048
  brier                0.4007
  log_loss             1.3373
  confusion_matrix:
    [452, 313]
    [1111, 786]

  [!] ForecastTCN Ensemble does NOT clear max(chance, persistence).

--- ForecastTCN (fold 2/5, test set) ---
  n                    2662
  accuracy             0.4144
  balanced_accuracy    0.5325
  precision            0.7691
  recall               0.2546
  f1                   0.3826
  roc_auc              0.4301
  pr_auc               0.7139
  mcc                  0.0694
  brier                0.5252
  log_loss             6.0333
  confusion_matrix:
    [620, 145]
    [1414, 483]

================================================================
fold 3/5
================================================================
  splits (chronological): train=8152 val=2662 test=2662
    train: positive rate 0.348
    val  : positive rate 0.713
    test : positive rate 0.938

  positive rate over time (equal-width blocks):
    2024-05-01 .. 2024-07-23  pos rate 0.866  n=1996  split~train
    2024-07-23 .. 2024-10-14  pos rate 0.000  n=1997  split~train
    2024-10-14 .. 2025-01-05  pos rate 0.163  n=1997  split~train
    2025-01-05 .. 2025-03-29  pos rate 0.239  n=1997  split~train
    2025-03-29 .. 2025-06-20  pos rate 0.771  n=1997  split~val
    2025-06-21 .. 2025-09-12  pos rate 0.750  n=1997  split~val
    2025-09-12 .. 2025-12-04  pos rate 1.000  n=1997  split~test
    2025-12-04 .. 2026-02-25  pos rate 0.691  n=1997  split~test
    2026-02-25 .. 2026-05-19  pos rate 0.502  n=1997  split~-
    2026-05-19 .. 2026-08-11  pos rate 0.000  n=1997  split~-

  [!] test positive rate (0.938) is 2.70x train's (0.348) -- likely a swarm or quiet period concentrated in one split rather than the model generalizing. Compare AUC against the base-rate/persistence floors below (same skew), not against 0.5.

Training ForecastGRU (3 seed(s)): [42, 43, 44]
  [seed 42] ForecastGRU epoch 01/60 val AUC 0.6679 val loss 1.9886
  [seed 42] ForecastGRU epoch 02/60 val AUC 0.5775 val loss 5.1392
  [seed 42] ForecastGRU epoch 03/60 val AUC 0.6276 val loss 3.9414
  [seed 42] ForecastGRU epoch 04/60 val AUC 0.5670 val loss 5.4909
  [seed 42] ForecastGRU epoch 05/60 val AUC 0.5353 val loss 5.4762
  [seed 42] ForecastGRU epoch 06/60 val AUC 0.5488 val loss 5.8548
  [seed 42] ForecastGRU epoch 07/60 val AUC 0.5414 val loss 5.0610
  [seed 42] ForecastGRU epoch 08/60 val AUC 0.5715 val loss 6.4418
  [seed 42] ForecastGRU epoch 09/60 val AUC 0.5223 val loss 7.1325
  [seed 42] ForecastGRU epoch 10/60 val AUC 0.5422 val loss 6.0203
  [seed 42] ForecastGRU epoch 11/60 val AUC 0.6023 val loss 6.0449
  [seed 42] Early stopping triggered at epoch 11
  [seed 42] ForecastGRU test AUC 0.9543
  [seed 43] ForecastGRU epoch 01/60 val AUC 0.4827 val loss 2.4798
  [seed 43] ForecastGRU epoch 02/60 val AUC 0.5153 val loss 1.8937
  [seed 43] ForecastGRU epoch 03/60 val AUC 0.4196 val loss 6.2277
  [seed 43] ForecastGRU epoch 04/60 val AUC 0.4210 val loss 7.6687
  [seed 43] ForecastGRU epoch 05/60 val AUC 0.4248 val loss 4.8479
  [seed 43] ForecastGRU epoch 06/60 val AUC 0.4542 val loss 6.4738
  [seed 43] ForecastGRU epoch 07/60 val AUC 0.4522 val loss 7.0323
  [seed 43] ForecastGRU epoch 08/60 val AUC 0.5115 val loss 3.2115
  [seed 43] ForecastGRU epoch 09/60 val AUC 0.4943 val loss 5.5864
  [seed 43] ForecastGRU epoch 10/60 val AUC 0.5072 val loss 3.7707
  [seed 43] ForecastGRU epoch 11/60 val AUC 0.4440 val loss 7.4820
  [seed 43] ForecastGRU epoch 12/60 val AUC 0.4624 val loss 6.2440
  [seed 43] Early stopping triggered at epoch 12
  [seed 43] ForecastGRU test AUC 0.6542
  [seed 44] ForecastGRU epoch 01/60 val AUC 0.5762 val loss 2.9894
  [seed 44] ForecastGRU epoch 02/60 val AUC 0.6466 val loss 2.7466
  [seed 44] ForecastGRU epoch 03/60 val AUC 0.6580 val loss 2.9726
  [seed 44] ForecastGRU epoch 04/60 val AUC 0.6510 val loss 3.9368
  [seed 44] ForecastGRU epoch 05/60 val AUC 0.6382 val loss 2.4295
  [seed 44] ForecastGRU epoch 06/60 val AUC 0.5450 val loss 6.3076
  [seed 44] ForecastGRU epoch 07/60 val AUC 0.6179 val loss 4.3537
  [seed 44] ForecastGRU epoch 08/60 val AUC 0.5748 val loss 5.7769
  [seed 44] ForecastGRU epoch 09/60 val AUC 0.6551 val loss 5.0798
  [seed 44] ForecastGRU epoch 10/60 val AUC 0.6674 val loss 3.1169
  [seed 44] ForecastGRU epoch 11/60 val AUC 0.6284 val loss 3.2858
  [seed 44] ForecastGRU epoch 12/60 val AUC 0.7116 val loss 2.1554
  [seed 44] ForecastGRU epoch 13/60 val AUC 0.5610 val loss 4.8287
  [seed 44] ForecastGRU epoch 14/60 val AUC 0.5640 val loss 4.3634
  [seed 44] ForecastGRU epoch 15/60 val AUC 0.5581 val loss 4.2566
  [seed 44] ForecastGRU epoch 16/60 val AUC 0.5765 val loss 4.6781
  [seed 44] ForecastGRU epoch 17/60 val AUC 0.6765 val loss 2.2384
  [seed 44] ForecastGRU epoch 18/60 val AUC 0.6935 val loss 1.9968
  [seed 44] ForecastGRU epoch 19/60 val AUC 0.5634 val loss 6.1719
  [seed 44] ForecastGRU epoch 20/60 val AUC 0.6307 val loss 4.2849
  [seed 44] ForecastGRU epoch 21/60 val AUC 0.5566 val loss 8.5361
  [seed 44] ForecastGRU epoch 22/60 val AUC 0.5836 val loss 7.1540
  [seed 44] Early stopping triggered at epoch 22
  [seed 44] ForecastGRU test AUC 0.7736
  per-seed AUC: ['0.9543', '0.6542', '0.7736']  mean 0.7940  spread 0.3002
  ENSEMBLE AUC 0.7274   n=2662

Training ForecastTCN (3 seed(s)): [42, 43, 44]
  [seed 42] ForecastTCN epoch 01/60 val AUC 0.5298 val loss 1.0360
  [seed 42] ForecastTCN epoch 02/60 val AUC 0.5072 val loss 1.4395
  [seed 42] ForecastTCN epoch 03/60 val AUC 0.4649 val loss 5.7445
  [seed 42] ForecastTCN epoch 04/60 val AUC 0.4798 val loss 4.4076
  [seed 42] ForecastTCN epoch 05/60 val AUC 0.4345 val loss 7.5302
  [seed 42] ForecastTCN epoch 06/60 val AUC 0.5150 val loss 3.7060
  [seed 42] ForecastTCN epoch 07/60 val AUC 0.4615 val loss 9.2880
  [seed 42] ForecastTCN epoch 08/60 val AUC 0.4995 val loss 7.6188
  [seed 42] ForecastTCN epoch 09/60 val AUC 0.4450 val loss 8.2375
  [seed 42] ForecastTCN epoch 10/60 val AUC 0.4582 val loss 7.7198
  [seed 42] ForecastTCN epoch 11/60 val AUC 0.5094 val loss 8.5969
  [seed 42] Early stopping triggered at epoch 11
  [seed 42] ForecastTCN test AUC 0.7878
  [seed 43] ForecastTCN epoch 01/60 val AUC 0.6389 val loss 0.8816
  [seed 43] ForecastTCN epoch 02/60 val AUC 0.5025 val loss 1.2759
  [seed 43] ForecastTCN epoch 03/60 val AUC 0.5055 val loss 3.1032
  [seed 43] ForecastTCN epoch 04/60 val AUC 0.5148 val loss 3.6180
  [seed 43] ForecastTCN epoch 05/60 val AUC 0.4653 val loss 6.3113
  [seed 43] ForecastTCN epoch 06/60 val AUC 0.5038 val loss 5.7933
  [seed 43] ForecastTCN epoch 07/60 val AUC 0.5366 val loss 8.1794
  [seed 43] ForecastTCN epoch 08/60 val AUC 0.5028 val loss 3.2820
  [seed 43] ForecastTCN epoch 09/60 val AUC 0.5227 val loss 5.0718
  [seed 43] ForecastTCN epoch 10/60 val AUC 0.4929 val loss 6.3532
  [seed 43] ForecastTCN epoch 11/60 val AUC 0.4897 val loss 9.1391
  [seed 43] Early stopping triggered at epoch 11
  [seed 43] ForecastTCN test AUC 0.6860
  [seed 44] ForecastTCN epoch 01/60 val AUC 0.5557 val loss 1.3892
  [seed 44] ForecastTCN epoch 02/60 val AUC 0.5696 val loss 1.2036
  [seed 44] ForecastTCN epoch 03/60 val AUC 0.4878 val loss 4.5278
  [seed 44] ForecastTCN epoch 04/60 val AUC 0.4455 val loss 4.2324
  [seed 44] ForecastTCN epoch 05/60 val AUC 0.4697 val loss 6.1436
  [seed 44] ForecastTCN epoch 06/60 val AUC 0.4229 val loss 6.5206
  [seed 44] ForecastTCN epoch 07/60 val AUC 0.4803 val loss 4.1745
  [seed 44] ForecastTCN epoch 08/60 val AUC 0.4869 val loss 6.1940
  [seed 44] ForecastTCN epoch 09/60 val AUC 0.4765 val loss 6.7079
  [seed 44] ForecastTCN epoch 10/60 val AUC 0.4063 val loss 8.3959
  [seed 44] ForecastTCN epoch 11/60 val AUC 0.4586 val loss 5.9389
  [seed 44] ForecastTCN epoch 12/60 val AUC 0.4661 val loss 6.7513
  [seed 44] Early stopping triggered at epoch 12
  [seed 44] ForecastTCN test AUC 0.5169
  per-seed AUC: ['0.7878', '0.6860', '0.5169']  mean 0.6635  spread 0.2709
  ENSEMBLE AUC 0.7054   n=2662

--- Floors (test set) ---
  base-rate (majority)   AUC 0.5000   n=2662
  persistence            AUC 0.5000   n=2662

  ForecastGRU Ensemble beats max(chance, persistence) by +0.2274 AUC.

--- ForecastGRU (fold 3/5, test set) ---
  n                    2662
  accuracy             0.6334
  balanced_accuracy    0.6765
  precision            0.9721
  recall               0.6273
  f1                   0.7625
  roc_auc              0.7274
  pr_auc               0.9795
  mcc                  0.1736
  brier                0.2777
  log_loss             1.1940
  confusion_matrix:
    [119, 45]
    [931, 1567]

  ForecastTCN Ensemble beats max(chance, persistence) by +0.2054 AUC.

--- ForecastTCN (fold 3/5, test set) ---
  n                    2662
  accuracy             0.7765
  balanced_accuracy    0.5305
  precision            0.9428
  recall               0.8110
  f1                   0.8720
  roc_auc              0.7054
  pr_auc               0.9722
  mcc                  0.0372
  brier                0.1741
  log_loss             0.5734
  confusion_matrix:
    [41, 123]
    [472, 2026]

================================================================
fold 4/5
================================================================
  splits (chronological): train=10814 val=2662 test=2662
    train: positive rate 0.438
    val  : positive rate 0.938
    test : positive rate 0.810

  positive rate over time (equal-width blocks):
    2024-05-01 .. 2024-07-23  pos rate 0.866  n=1996  split~train
    2024-07-23 .. 2024-10-14  pos rate 0.000  n=1997  split~train
    2024-10-14 .. 2025-01-05  pos rate 0.163  n=1997  split~train
    2025-01-05 .. 2025-03-29  pos rate 0.239  n=1997  split~train
    2025-03-29 .. 2025-06-20  pos rate 0.771  n=1997  split~train
    2025-06-21 .. 2025-09-12  pos rate 0.750  n=1997  split~train
    2025-09-12 .. 2025-12-04  pos rate 1.000  n=1997  split~val
    2025-12-04 .. 2026-02-25  pos rate 0.691  n=1997  split~test
    2026-02-25 .. 2026-05-19  pos rate 0.502  n=1997  split~test
    2026-05-19 .. 2026-08-11  pos rate 0.000  n=1997  split~-

  [!] test positive rate (0.810) is 1.85x train's (0.438) -- likely a swarm or quiet period concentrated in one split rather than the model generalizing. Compare AUC against the base-rate/persistence floors below (same skew), not against 0.5.

Training ForecastGRU (3 seed(s)): [42, 43, 44]
  [seed 42] ForecastGRU epoch 01/60 val AUC 0.7526 val loss 1.8502
  [seed 42] ForecastGRU epoch 02/60 val AUC 0.7747 val loss 1.8769
  [seed 42] ForecastGRU epoch 03/60 val AUC 0.7286 val loss 2.7618
  [seed 42] ForecastGRU epoch 04/60 val AUC 0.7508 val loss 3.0226
  [seed 42] ForecastGRU epoch 05/60 val AUC 0.6852 val loss 4.5714
  [seed 42] ForecastGRU epoch 06/60 val AUC 0.4465 val loss 5.3483
  [seed 42] ForecastGRU epoch 07/60 val AUC 0.6769 val loss 3.2740
  [seed 42] ForecastGRU epoch 08/60 val AUC 0.6833 val loss 5.4812
  [seed 42] ForecastGRU epoch 09/60 val AUC 0.6736 val loss 3.5060
  [seed 42] ForecastGRU epoch 10/60 val AUC 0.6031 val loss 2.2192
  [seed 42] ForecastGRU epoch 11/60 val AUC 0.5590 val loss 5.5652
  [seed 42] ForecastGRU epoch 12/60 val AUC 0.4477 val loss 4.9342
  [seed 42] Early stopping triggered at epoch 12
  [seed 42] ForecastGRU test AUC 0.4316
  [seed 43] ForecastGRU epoch 01/60 val AUC 0.5409 val loss 4.3163
  [seed 43] ForecastGRU epoch 02/60 val AUC 0.5417 val loss 3.1063
  [seed 43] ForecastGRU epoch 03/60 val AUC 0.4889 val loss 5.0243
  [seed 43] ForecastGRU epoch 04/60 val AUC 0.4584 val loss 5.2488
  [seed 43] ForecastGRU epoch 05/60 val AUC 0.5173 val loss 4.8112
  [seed 43] ForecastGRU epoch 06/60 val AUC 0.4655 val loss 6.6800
  [seed 43] ForecastGRU epoch 07/60 val AUC 0.4422 val loss 8.7794
  [seed 43] ForecastGRU epoch 08/60 val AUC 0.4719 val loss 7.3890
  [seed 43] ForecastGRU epoch 09/60 val AUC 0.4696 val loss 5.0910
  [seed 43] ForecastGRU epoch 10/60 val AUC 0.4491 val loss 4.4552
  [seed 43] ForecastGRU epoch 11/60 val AUC 0.4416 val loss 5.2721
  [seed 43] ForecastGRU epoch 12/60 val AUC 0.4686 val loss 6.2047
  [seed 43] Early stopping triggered at epoch 12
  [seed 43] ForecastGRU test AUC 0.4277
  [seed 44] ForecastGRU epoch 01/60 val AUC 0.5484 val loss 1.9224
  [seed 44] ForecastGRU epoch 02/60 val AUC 0.5425 val loss 3.5433
  [seed 44] ForecastGRU epoch 03/60 val AUC 0.3098 val loss 5.5647
  [seed 44] ForecastGRU epoch 04/60 val AUC 0.4501 val loss 6.1624
  [seed 44] ForecastGRU epoch 05/60 val AUC 0.5254 val loss 4.6838
  [seed 44] ForecastGRU epoch 06/60 val AUC 0.4597 val loss 5.6654
  [seed 44] ForecastGRU epoch 07/60 val AUC 0.4362 val loss 3.9948
  [seed 44] ForecastGRU epoch 08/60 val AUC 0.3172 val loss 5.7359
  [seed 44] ForecastGRU epoch 09/60 val AUC 0.4313 val loss 3.5425
  [seed 44] ForecastGRU epoch 10/60 val AUC 0.4642 val loss 4.4239
  [seed 44] ForecastGRU epoch 11/60 val AUC 0.4513 val loss 4.8424
  [seed 44] Early stopping triggered at epoch 11
  [seed 44] ForecastGRU test AUC 0.6033
  per-seed AUC: ['0.4316', '0.4277', '0.6033']  mean 0.4875  spread 0.1757
  ENSEMBLE AUC 0.5301   n=2662

Training ForecastTCN (3 seed(s)): [42, 43, 44]
  [seed 42] ForecastTCN epoch 01/60 val AUC 0.8386 val loss 0.6115
  [seed 42] ForecastTCN epoch 02/60 val AUC 0.7071 val loss 0.9757
  [seed 42] ForecastTCN epoch 03/60 val AUC 0.6848 val loss 1.7936
  [seed 42] ForecastTCN epoch 04/60 val AUC 0.7290 val loss 5.7748
  [seed 42] ForecastTCN epoch 05/60 val AUC 0.7287 val loss 2.9764
  [seed 42] ForecastTCN epoch 06/60 val AUC 0.6398 val loss 4.4322
  [seed 42] ForecastTCN epoch 07/60 val AUC 0.7853 val loss 3.5586
  [seed 42] ForecastTCN epoch 08/60 val AUC 0.6912 val loss 5.2221
  [seed 42] ForecastTCN epoch 09/60 val AUC 0.7598 val loss 6.6943
  [seed 42] ForecastTCN epoch 10/60 val AUC 0.6922 val loss 2.5499
  [seed 42] ForecastTCN epoch 11/60 val AUC 0.7347 val loss 3.0120
  [seed 42] Early stopping triggered at epoch 11
  [seed 42] ForecastTCN test AUC 0.5226
  [seed 43] ForecastTCN epoch 01/60 val AUC 0.8388 val loss 0.7779
  [seed 43] ForecastTCN epoch 02/60 val AUC 0.7624 val loss 0.6125
  [seed 43] ForecastTCN epoch 03/60 val AUC 0.7244 val loss 1.2966
  [seed 43] ForecastTCN epoch 04/60 val AUC 0.7389 val loss 1.7767
  [seed 43] ForecastTCN epoch 05/60 val AUC 0.7182 val loss 1.6841
  [seed 43] ForecastTCN epoch 06/60 val AUC 0.7295 val loss 1.6982
  [seed 43] ForecastTCN epoch 07/60 val AUC 0.7471 val loss 2.1656
  [seed 43] ForecastTCN epoch 08/60 val AUC 0.7601 val loss 4.9603
  [seed 43] ForecastTCN epoch 09/60 val AUC 0.7797 val loss 4.8224
  [seed 43] ForecastTCN epoch 10/60 val AUC 0.7493 val loss 5.3134
  [seed 43] ForecastTCN epoch 11/60 val AUC 0.7356 val loss 3.6061
  [seed 43] Early stopping triggered at epoch 11
  [seed 43] ForecastTCN test AUC 0.5549
  [seed 44] ForecastTCN epoch 01/60 val AUC 0.8546 val loss 0.7174
  [seed 44] ForecastTCN epoch 02/60 val AUC 0.7086 val loss 0.9368
  [seed 44] ForecastTCN epoch 03/60 val AUC 0.6921 val loss 1.8706
  [seed 44] ForecastTCN epoch 04/60 val AUC 0.7091 val loss 3.2090
  [seed 44] ForecastTCN epoch 05/60 val AUC 0.7158 val loss 4.3472
  [seed 44] ForecastTCN epoch 06/60 val AUC 0.7322 val loss 6.5003
  [seed 44] ForecastTCN epoch 07/60 val AUC 0.6915 val loss 2.4856
  [seed 44] ForecastTCN epoch 08/60 val AUC 0.6908 val loss 3.8792
  [seed 44] ForecastTCN epoch 09/60 val AUC 0.6787 val loss 4.9412
  [seed 44] ForecastTCN epoch 10/60 val AUC 0.6939 val loss 8.8823
  [seed 44] ForecastTCN epoch 11/60 val AUC 0.7411 val loss 5.8418
  [seed 44] Early stopping triggered at epoch 11
  [seed 44] ForecastTCN test AUC 0.4367
  per-seed AUC: ['0.5226', '0.5549', '0.4367']  mean 0.5047  spread 0.1182
  ENSEMBLE AUC 0.4986   n=2662

--- Floors (test set) ---
  base-rate (majority)   AUC 0.5000   n=2662
  persistence            AUC 0.3383   n=2662

  ForecastGRU Ensemble beats max(chance, persistence) by +0.0301 AUC.

--- ForecastGRU (fold 4/5, test set) ---
  n                    2662
  accuracy             0.3148
  balanced_accuracy    0.5768
  precision            1.0000
  recall               0.1536
  f1                   0.2663
  roc_auc              0.5301
  pr_auc               0.8309
  mcc                  0.1828
  brier                0.3805
  log_loss             1.2509
  confusion_matrix:
    [507, 0]
    [1824, 331]

  [!] ForecastTCN Ensemble does NOT clear max(chance, persistence).

--- ForecastTCN (fold 4/5, test set) ---
  n                    2662
  accuracy             0.6811
  balanced_accuracy    0.4772
  precision            0.8009
  recall               0.8065
  f1                   0.8037
  roc_auc              0.4986
  pr_auc               0.8149
  mcc                  -0.0461
  brier                0.2254
  log_loss             0.6508
  confusion_matrix:
    [75, 432]
    [417, 1738]

================================================================
fold 5/5
================================================================
  splits (chronological): train=13476 val=2662 test=2662
    train: positive rate 0.537
    val  : positive rate 0.810
    test : positive rate 0.000

  positive rate over time (equal-width blocks):
    2024-05-01 .. 2024-07-23  pos rate 0.866  n=1996  split~train
    2024-07-23 .. 2024-10-14  pos rate 0.000  n=1997  split~train
    2024-10-14 .. 2025-01-05  pos rate 0.163  n=1997  split~train
    2025-01-05 .. 2025-03-29  pos rate 0.239  n=1997  split~train
    2025-03-29 .. 2025-06-20  pos rate 0.771  n=1997  split~train
    2025-06-21 .. 2025-09-12  pos rate 0.750  n=1997  split~train
    2025-09-12 .. 2025-12-04  pos rate 1.000  n=1997  split~train
    2025-12-04 .. 2026-02-25  pos rate 0.691  n=1997  split~val
    2026-02-25 .. 2026-05-19  pos rate 0.502  n=1997  split~val
    2026-05-19 .. 2026-08-11  pos rate 0.000  n=1997  split~test

  [!] test positive rate (0.000) is 0.00x train's (0.537) -- likely a swarm or quiet period concentrated in one split rather than the model generalizing. Compare AUC against the base-rate/persistence floors below (same skew), not against 0.5.

Training ForecastGRU (3 seed(s)): [42, 43, 44]
  [seed 42] ForecastGRU epoch 01/60 val AUC 0.4546 val loss 1.4354
  [seed 42] ForecastGRU epoch 02/60 val AUC 0.4673 val loss 2.7436
  [seed 42] ForecastGRU epoch 03/60 val AUC 0.4642 val loss 2.9100
  [seed 42] ForecastGRU epoch 04/60 val AUC 0.4251 val loss 2.1137
  [seed 42] ForecastGRU epoch 05/60 val AUC 0.4494 val loss 2.6528
  [seed 42] ForecastGRU epoch 06/60 val AUC 0.4597 val loss 2.5208
  [seed 42] ForecastGRU epoch 07/60 val AUC 0.4543 val loss 2.7225
  [seed 42] ForecastGRU epoch 08/60 val AUC 0.4612 val loss 3.3050
  [seed 42] ForecastGRU epoch 09/60 val AUC 0.4505 val loss 2.6483
  [seed 42] ForecastGRU epoch 10/60 val AUC 0.4350 val loss 3.0455
  [seed 42] ForecastGRU epoch 11/60 val AUC 0.4246 val loss 2.7663
  [seed 42] ForecastGRU epoch 12/60 val AUC 0.4616 val loss 2.6062
  [seed 42] Early stopping triggered at epoch 12
  [seed 42] ForecastGRU test AUC nan
  [seed 43] ForecastGRU epoch 01/60 val AUC 0.4786 val loss 2.1533
  [seed 43] ForecastGRU epoch 02/60 val AUC 0.4538 val loss 2.3572
  [seed 43] ForecastGRU epoch 03/60 val AUC 0.4762 val loss 2.3970
  [seed 43] ForecastGRU epoch 04/60 val AUC 0.4631 val loss 2.5175
  [seed 43] ForecastGRU epoch 05/60 val AUC 0.4377 val loss 3.0426
  [seed 43] ForecastGRU epoch 06/60 val AUC 0.4837 val loss 2.5367
  [seed 43] ForecastGRU epoch 07/60 val AUC 0.4722 val loss 3.3125
  [seed 43] ForecastGRU epoch 08/60 val AUC 0.4629 val loss 2.8757
  [seed 43] ForecastGRU epoch 09/60 val AUC 0.4577 val loss 3.8610
  [seed 43] ForecastGRU epoch 10/60 val AUC 0.4706 val loss 2.5674
  [seed 43] ForecastGRU epoch 11/60 val AUC 0.4710 val loss 2.5888
  [seed 43] ForecastGRU epoch 12/60 val AUC 0.4556 val loss 3.5231
  [seed 43] ForecastGRU epoch 13/60 val AUC 0.4580 val loss 2.4161
  [seed 43] ForecastGRU epoch 14/60 val AUC 0.4588 val loss 2.2900
  [seed 43] ForecastGRU epoch 15/60 val AUC 0.4708 val loss 2.3260
  [seed 43] ForecastGRU epoch 16/60 val AUC 0.4382 val loss 3.2777
  [seed 43] Early stopping triggered at epoch 16
  [seed 43] ForecastGRU test AUC nan
  [seed 44] ForecastGRU epoch 01/60 val AUC 0.3987 val loss 2.2070
  [seed 44] ForecastGRU epoch 02/60 val AUC 0.3976 val loss 2.3622
  [seed 44] ForecastGRU epoch 03/60 val AUC 0.3839 val loss 2.7593
  [seed 44] ForecastGRU epoch 04/60 val AUC 0.3892 val loss 3.3517
  [seed 44] ForecastGRU epoch 05/60 val AUC 0.3538 val loss 3.6037
  [seed 44] ForecastGRU epoch 06/60 val AUC 0.3943 val loss 3.0760
  [seed 44] ForecastGRU epoch 07/60 val AUC 0.3874 val loss 3.5551
  [seed 44] ForecastGRU epoch 08/60 val AUC 0.3849 val loss 4.3643
  [seed 44] ForecastGRU epoch 09/60 val AUC 0.4024 val loss 3.3931
  [seed 44] ForecastGRU epoch 10/60 val AUC 0.3985 val loss 3.4080
  [seed 44] ForecastGRU epoch 11/60 val AUC 0.4130 val loss 4.7383
  [seed 44] ForecastGRU epoch 12/60 val AUC 0.3984 val loss 4.5367
  [seed 44] ForecastGRU epoch 13/60 val AUC 0.3825 val loss 4.5317
  [seed 44] ForecastGRU epoch 14/60 val AUC 0.3801 val loss 5.3305
  [seed 44] ForecastGRU epoch 15/60 val AUC 0.3868 val loss 4.4454
  [seed 44] ForecastGRU epoch 16/60 val AUC 0.3875 val loss 5.3573
  [seed 44] ForecastGRU epoch 17/60 val AUC 0.4122 val loss 4.3486
  [seed 44] ForecastGRU epoch 18/60 val AUC 0.4111 val loss 4.3929
  [seed 44] ForecastGRU epoch 19/60 val AUC 0.4368 val loss 3.3745
  [seed 44] ForecastGRU epoch 20/60 val AUC 0.3928 val loss 5.1203
  [seed 44] ForecastGRU epoch 21/60 val AUC 0.3950 val loss 5.2499
  [seed 44] ForecastGRU epoch 22/60 val AUC 0.4025 val loss 5.2213
  [seed 44] ForecastGRU epoch 23/60 val AUC 0.4006 val loss 5.6816
  [seed 44] ForecastGRU epoch 24/60 val AUC 0.4012 val loss 5.7483
  [seed 44] ForecastGRU epoch 25/60 val AUC 0.4030 val loss 5.6045
  [seed 44] ForecastGRU epoch 26/60 val AUC 0.4068 val loss 5.4353
  [seed 44] ForecastGRU epoch 27/60 val AUC 0.4111 val loss 5.7851
  [seed 44] ForecastGRU epoch 28/60 val AUC 0.4138 val loss 5.9133
  [seed 44] ForecastGRU epoch 29/60 val AUC 0.4153 val loss 5.8611
  [seed 44] Early stopping triggered at epoch 29
  [seed 44] ForecastGRU test AUC nan
  per-seed AUC: ['nan', 'nan', 'nan']  mean nan  spread nan
  ENSEMBLE AUC nan   n=2662

Training ForecastTCN (3 seed(s)): [42, 43, 44]
  [seed 42] ForecastTCN epoch 01/60 val AUC 0.4331 val loss 1.3619
  [seed 42] ForecastTCN epoch 02/60 val AUC 0.4275 val loss 1.9798
  [seed 42] ForecastTCN epoch 03/60 val AUC 0.4386 val loss 2.7903
  [seed 42] ForecastTCN epoch 04/60 val AUC 0.4507 val loss 3.5589
  [seed 42] ForecastTCN epoch 05/60 val AUC 0.4414 val loss 3.8752
  [seed 42] ForecastTCN epoch 06/60 val AUC 0.4607 val loss 4.3520
  [seed 42] ForecastTCN epoch 07/60 val AUC 0.4184 val loss 5.0217
  [seed 42] ForecastTCN epoch 08/60 val AUC 0.4396 val loss 5.8687
  [seed 42] ForecastTCN epoch 09/60 val AUC 0.4585 val loss 6.6515
  [seed 42] ForecastTCN epoch 10/60 val AUC 0.4634 val loss 7.7712
  [seed 42] ForecastTCN epoch 11/60 val AUC 0.4478 val loss 6.5836
  [seed 42] ForecastTCN epoch 12/60 val AUC 0.4383 val loss 6.0520
  [seed 42] ForecastTCN epoch 13/60 val AUC 0.4132 val loss 7.6292
  [seed 42] ForecastTCN epoch 14/60 val AUC 0.4191 val loss 5.9905
  [seed 42] ForecastTCN epoch 15/60 val AUC 0.4263 val loss 7.6037
  [seed 42] ForecastTCN epoch 16/60 val AUC 0.4422 val loss 6.3251
  [seed 42] ForecastTCN epoch 17/60 val AUC 0.4321 val loss 8.4232
  [seed 42] ForecastTCN epoch 18/60 val AUC 0.4124 val loss 8.3323
  [seed 42] ForecastTCN epoch 19/60 val AUC 0.4407 val loss 7.9569
  [seed 42] ForecastTCN epoch 20/60 val AUC 0.4176 val loss 9.6717
  [seed 42] Early stopping triggered at epoch 20
  [seed 42] ForecastTCN test AUC nan
  [seed 43] ForecastTCN epoch 01/60 val AUC 0.4071 val loss 1.0905
  [seed 43] ForecastTCN epoch 02/60 val AUC 0.4246 val loss 2.1129
  [seed 43] ForecastTCN epoch 03/60 val AUC 0.4260 val loss 3.3870
  [seed 43] ForecastTCN epoch 04/60 val AUC 0.4258 val loss 4.0498
  [seed 43] ForecastTCN epoch 05/60 val AUC 0.4361 val loss 4.3175
  [seed 43] ForecastTCN epoch 06/60 val AUC 0.4439 val loss 5.3772
  [seed 43] ForecastTCN epoch 07/60 val AUC 0.4398 val loss 4.3751
  [seed 43] ForecastTCN epoch 08/60 val AUC 0.4285 val loss 7.0585
  [seed 43] ForecastTCN epoch 09/60 val AUC 0.4272 val loss 6.4817
  [seed 43] ForecastTCN epoch 10/60 val AUC 0.4693 val loss 6.0035
  [seed 43] ForecastTCN epoch 11/60 val AUC 0.4251 val loss 3.9892
  [seed 43] ForecastTCN epoch 12/60 val AUC 0.4740 val loss 5.6699
  [seed 43] ForecastTCN epoch 13/60 val AUC 0.4632 val loss 7.5566
  [seed 43] ForecastTCN epoch 14/60 val AUC 0.4716 val loss 6.8843
  [seed 43] ForecastTCN epoch 15/60 val AUC 0.4357 val loss 7.6022
  [seed 43] ForecastTCN epoch 16/60 val AUC 0.4537 val loss 7.3844
  [seed 43] ForecastTCN epoch 17/60 val AUC 0.4463 val loss 6.9428
  [seed 43] ForecastTCN epoch 18/60 val AUC 0.4576 val loss 6.1381
  [seed 43] ForecastTCN epoch 19/60 val AUC 0.4299 val loss 8.3680
  [seed 43] ForecastTCN epoch 20/60 val AUC 0.4435 val loss 7.2272
  [seed 43] ForecastTCN epoch 21/60 val AUC 0.4397 val loss 9.8576
  [seed 43] ForecastTCN epoch 22/60 val AUC 0.4473 val loss 9.5313
  [seed 43] Early stopping triggered at epoch 22
  [seed 43] ForecastTCN test AUC nan
  [seed 44] ForecastTCN epoch 01/60 val AUC 0.4122 val loss 1.2743
  [seed 44] ForecastTCN epoch 02/60 val AUC 0.4247 val loss 2.6218
  [seed 44] ForecastTCN epoch 03/60 val AUC 0.4446 val loss 3.3700
  [seed 44] ForecastTCN epoch 04/60 val AUC 0.4269 val loss 4.8806
  [seed 44] ForecastTCN epoch 05/60 val AUC 0.4439 val loss 5.8949
  [seed 44] ForecastTCN epoch 06/60 val AUC 0.4438 val loss 6.5615
  [seed 44] ForecastTCN epoch 07/60 val AUC 0.4121 val loss 7.6971
  [seed 44] ForecastTCN epoch 08/60 val AUC 0.4202 val loss 8.7652
  [seed 44] ForecastTCN epoch 09/60 val AUC 0.4272 val loss 7.1867
  [seed 44] ForecastTCN epoch 10/60 val AUC 0.4189 val loss 9.3458
  [seed 44] ForecastTCN epoch 11/60 val AUC 0.4461 val loss 8.9491
  [seed 44] ForecastTCN epoch 12/60 val AUC 0.4173 val loss 8.0845
  [seed 44] ForecastTCN epoch 13/60 val AUC 0.4211 val loss 10.1988
  [seed 44] ForecastTCN epoch 14/60 val AUC 0.3999 val loss 8.9013
  [seed 44] ForecastTCN epoch 15/60 val AUC 0.4117 val loss 11.9921
  [seed 44] ForecastTCN epoch 16/60 val AUC 0.4046 val loss 8.7919
  [seed 44] ForecastTCN epoch 17/60 val AUC 0.4474 val loss 11.6764
  [seed 44] ForecastTCN epoch 18/60 val AUC 0.4730 val loss 10.7897
  [seed 44] ForecastTCN epoch 19/60 val AUC 0.4219 val loss 14.2650
  [seed 44] ForecastTCN epoch 20/60 val AUC 0.4249 val loss 11.1632
  [seed 44] ForecastTCN epoch 21/60 val AUC 0.4669 val loss 14.3848
  [seed 44] ForecastTCN epoch 22/60 val AUC 0.4162 val loss 11.3060
  [seed 44] ForecastTCN epoch 23/60 val AUC 0.4101 val loss 17.0913
  [seed 44] ForecastTCN epoch 24/60 val AUC 0.4419 val loss 14.3489
  [seed 44] ForecastTCN epoch 25/60 val AUC 0.4290 val loss 17.1261
  [seed 44] ForecastTCN epoch 26/60 val AUC 0.4246 val loss 15.9877
  [seed 44] ForecastTCN epoch 27/60 val AUC 0.4243 val loss 18.2115
  [seed 44] ForecastTCN epoch 28/60 val AUC 0.4561 val loss 16.3110
  [seed 44] Early stopping triggered at epoch 28
  [seed 44] ForecastTCN test AUC nan
  per-seed AUC: ['nan', 'nan', 'nan']  mean nan  spread nan
  ENSEMBLE AUC nan   n=2662

--- Floors (test set) ---
  base-rate (majority)   AUC nan   n=2662
  persistence            AUC nan   n=2662

  ForecastGRU Ensemble beats max(chance, persistence) by +nan AUC.

--- ForecastGRU (fold 5/5, test set) ---
  n                    2662
  accuracy             0.3242
  balanced_accuracy    0.3242
  precision            0.0000
  recall               0.0000
  f1                   0.0000
  roc_auc              nan
  pr_auc               nan
  mcc                  nan
  brier                nan
  log_loss             nan
  confusion_matrix:
    [863, 1799]
    [0, 0]

  ForecastTCN Ensemble beats max(chance, persistence) by +nan AUC.

--- ForecastTCN (fold 5/5, test set) ---
  n                    2662
  accuracy             0.2930
  balanced_accuracy    0.2930
  precision            0.0000
  recall               0.0000
  f1                   0.0000
  roc_auc              nan
  pr_auc               nan
  mcc                  nan
  brier                nan
  log_loss             nan
  confusion_matrix:
    [780, 1882]
    [0, 0]

================================================================
Walk-forward CV summary (5/5 folds, horizon=30d)
================================================================
  ForecastGRU ensemble AUC per fold: ['0.7119', '0.5034', '0.7274', '0.5301', 'nan']
  ForecastGRU ensemble AUC:  mean 0.6182  std 0.1020  (1 fold(s) undefined)
  ForecastGRU beats floor in 4/5 folds

  ForecastTCN ensemble AUC per fold: ['0.3490', '0.4301', '0.7054', '0.4986', 'nan']
  ForecastTCN ensemble AUC:  mean 0.4958  std 0.1321  (1 fold(s) undefined)
  ForecastTCN beats floor in 1/5 folds

  floor AUC:     mean 0.5000  std 0.0000
