================================================================
Logging initialized. Saving all terminal output to: lstm_forecast_run_20260816_144317.log
================================================================
Loading hand-crafted continuous features and building hourly labels...
  19969 hourly feature vectors, 261 M>=4.5 AEGEAN events in the full catalog
Device: cuda

################################################################
# horizon = 30 days
################################################################
  hourly positive rate: 0.498

================================================================
fold 1/5
================================================================
  splits (chronological): train=2828 val=2662 test=2662
    train: positive rate 0.552
    val  : positive rate 0.060
    test : positive rate 0.419

  positive rate over time (equal-width blocks):
    2024-05-01 .. 2024-07-23  pos rate 0.866  n=1996  split~train
    2024-07-23 .. 2024-10-14  pos rate 0.000  n=1997  split~train
    2024-10-14 .. 2025-01-05  pos rate 0.163  n=1997  split~val
    2025-01-05 .. 2025-03-29  pos rate 0.239  n=1997  split~test
    2025-03-29 .. 2025-06-20  pos rate 0.771  n=1997  split~test
    2025-06-21 .. 2025-09-12  pos rate 0.750  n=1997  split~-
    2025-09-12 .. 2025-12-04  pos rate 1.000  n=1997  split~-
    2025-12-04 .. 2026-02-25  pos rate 0.691  n=1997  split~-
    2026-02-25 .. 2026-05-19  pos rate 0.502  n=1997  split~-
    2026-05-19 .. 2026-08-11  pos rate 0.000  n=1997  split~-

Training ForecastLSTM (3 seed(s)): [42, 43, 44]
  [seed 42] ForecastLSTM epoch 01/60 val AUC 0.8174 val loss 2.2919
  [seed 42] ForecastLSTM epoch 02/60 val AUC 0.7302 val loss 4.8227
  [seed 42] ForecastLSTM epoch 03/60 val AUC 0.8087 val loss 3.1860
  [seed 42] ForecastLSTM epoch 04/60 val AUC 0.6958 val loss 5.1876
  [seed 42] ForecastLSTM epoch 05/60 val AUC 0.7277 val loss 3.5231
  [seed 42] ForecastLSTM epoch 06/60 val AUC 0.7727 val loss 6.4422
  [seed 42] ForecastLSTM epoch 07/60 val AUC 0.6792 val loss 4.6045
  [seed 42] ForecastLSTM epoch 08/60 val AUC 0.6941 val loss 5.4266
  [seed 42] ForecastLSTM epoch 09/60 val AUC 0.6974 val loss 5.4902
  [seed 42] ForecastLSTM epoch 10/60 val AUC 0.6204 val loss 6.2651
  [seed 42] ForecastLSTM epoch 11/60 val AUC 0.6723 val loss 6.3569
  [seed 42] Early stopping triggered at epoch 11
  [seed 42] test AUC 0.5017
  [seed 43] ForecastLSTM epoch 01/60 val AUC 0.5731 val loss 3.5300
  [seed 43] ForecastLSTM epoch 02/60 val AUC 0.6004 val loss 4.1572
  [seed 43] ForecastLSTM epoch 03/60 val AUC 0.6005 val loss 5.1249
  [seed 43] ForecastLSTM epoch 04/60 val AUC 0.5994 val loss 5.2969
  [seed 43] ForecastLSTM epoch 05/60 val AUC 0.4870 val loss 4.3717
  [seed 43] ForecastLSTM epoch 06/60 val AUC 0.5446 val loss 5.5420
  [seed 43] ForecastLSTM epoch 07/60 val AUC 0.5216 val loss 5.1313
  [seed 43] ForecastLSTM epoch 08/60 val AUC 0.4554 val loss 4.9394
  [seed 43] ForecastLSTM epoch 09/60 val AUC 0.4177 val loss 6.0410
  [seed 43] ForecastLSTM epoch 10/60 val AUC 0.4708 val loss 5.1182
  [seed 43] ForecastLSTM epoch 11/60 val AUC 0.5261 val loss 5.8122
  [seed 43] ForecastLSTM epoch 12/60 val AUC 0.3420 val loss 6.6021
  [seed 43] ForecastLSTM epoch 13/60 val AUC 0.3545 val loss 6.5351
  [seed 43] Early stopping triggered at epoch 13
  [seed 43] test AUC 0.5150
  [seed 44] ForecastLSTM epoch 01/60 val AUC 0.6195 val loss 3.6537
  [seed 44] ForecastLSTM epoch 02/60 val AUC 0.6261 val loss 4.5721
  [seed 44] ForecastLSTM epoch 03/60 val AUC 0.4811 val loss 6.6190
  [seed 44] ForecastLSTM epoch 04/60 val AUC 0.5081 val loss 5.9331
  [seed 44] ForecastLSTM epoch 05/60 val AUC 0.5459 val loss 6.5766
  [seed 44] ForecastLSTM epoch 06/60 val AUC 0.6432 val loss 6.0568
  [seed 44] ForecastLSTM epoch 07/60 val AUC 0.5826 val loss 6.3821
  [seed 44] ForecastLSTM epoch 08/60 val AUC 0.5487 val loss 6.6966
  [seed 44] ForecastLSTM epoch 09/60 val AUC 0.4900 val loss 4.7213
  [seed 44] ForecastLSTM epoch 10/60 val AUC 0.4857 val loss 5.5510
  [seed 44] ForecastLSTM epoch 11/60 val AUC 0.4323 val loss 6.3099
  [seed 44] ForecastLSTM epoch 12/60 val AUC 0.4330 val loss 6.6038
  [seed 44] ForecastLSTM epoch 13/60 val AUC 0.3801 val loss 6.7817
  [seed 44] ForecastLSTM epoch 14/60 val AUC 0.4214 val loss 6.9420
  [seed 44] ForecastLSTM epoch 15/60 val AUC 0.3898 val loss 7.2596
  [seed 44] ForecastLSTM epoch 16/60 val AUC 0.4104 val loss 7.4937
  [seed 44] Early stopping triggered at epoch 16
  [seed 44] test AUC 0.5530

--- Floors (test set) ---
  base-rate (majority)   AUC 0.5000   n=2662
  persistence            AUC 0.2601   n=2662

--- Hand-feature LSTM ---
  per-seed AUC: ['0.5017', '0.5150', '0.5530']  mean 0.5232  spread 0.0513
  ENSEMBLE (mean of 3 seeds' probabilities)   AUC 0.5243   n=2662

  Ensemble beats max(chance, persistence) by +0.0243 AUC.

--- Hand-feature LSTM ensemble (fold 1/5, test set) ---
  n                    2662
  accuracy             0.5526
  balanced_accuracy    0.5293
  precision            0.4599
  recall               0.3853
  f1                   0.4193
  roc_auc              0.5243
  pr_auc               0.5422
  mcc                  0.0606
  brier                0.3782
  log_loss             1.9902
  confusion_matrix:
    [1041, 505]
    [686, 430]

================================================================
fold 2/5
================================================================
  splits (chronological): train=5490 val=2662 test=2662
    train: positive rate 0.313
    val  : positive rate 0.419
    test : positive rate 0.713

  positive rate over time (equal-width blocks):
    2024-05-01 .. 2024-07-23  pos rate 0.866  n=1996  split~train
    2024-07-23 .. 2024-10-14  pos rate 0.000  n=1997  split~train
    2024-10-14 .. 2025-01-05  pos rate 0.163  n=1997  split~train
    2025-01-05 .. 2025-03-29  pos rate 0.239  n=1997  split~val
    2025-03-29 .. 2025-06-20  pos rate 0.771  n=1997  split~test
    2025-06-21 .. 2025-09-12  pos rate 0.750  n=1997  split~test
    2025-09-12 .. 2025-12-04  pos rate 1.000  n=1997  split~-
    2025-12-04 .. 2026-02-25  pos rate 0.691  n=1997  split~-
    2026-02-25 .. 2026-05-19  pos rate 0.502  n=1997  split~-
    2026-05-19 .. 2026-08-11  pos rate 0.000  n=1997  split~-

  [!] test positive rate (0.713) is 2.27x train's (0.313) -- likely a swarm or quiet period concentrated in one split rather than the model generalizing. Compare AUC against the base-rate/persistence floors below (same skew), not against 0.5.

Training ForecastLSTM (3 seed(s)): [42, 43, 44]
  [seed 42] ForecastLSTM epoch 01/60 val AUC 0.3877 val loss 5.0425
  [seed 42] ForecastLSTM epoch 02/60 val AUC 0.3940 val loss 5.9393
  [seed 42] ForecastLSTM epoch 03/60 val AUC 0.3636 val loss 7.0949
  [seed 42] ForecastLSTM epoch 04/60 val AUC 0.3281 val loss 8.1196
  [seed 42] ForecastLSTM epoch 05/60 val AUC 0.3148 val loss 8.6439
  [seed 42] ForecastLSTM epoch 06/60 val AUC 0.2839 val loss 7.7359
  [seed 42] ForecastLSTM epoch 07/60 val AUC 0.3133 val loss 8.5694
  [seed 42] ForecastLSTM epoch 08/60 val AUC 0.3005 val loss 9.6929
  [seed 42] ForecastLSTM epoch 09/60 val AUC 0.3708 val loss 8.1268
  [seed 42] ForecastLSTM epoch 10/60 val AUC 0.3176 val loss 6.8216
  [seed 42] ForecastLSTM epoch 11/60 val AUC 0.3497 val loss 6.8898
  [seed 42] ForecastLSTM epoch 12/60 val AUC 0.3793 val loss 8.5507
  [seed 42] Early stopping triggered at epoch 12
  [seed 42] test AUC 0.8196
  [seed 43] ForecastLSTM epoch 01/60 val AUC 0.3783 val loss 6.1587
  [seed 43] ForecastLSTM epoch 02/60 val AUC 0.4000 val loss 5.9553
  [seed 43] ForecastLSTM epoch 03/60 val AUC 0.3819 val loss 6.1867
  [seed 43] ForecastLSTM epoch 04/60 val AUC 0.4771 val loss 8.1538
  [seed 43] ForecastLSTM epoch 05/60 val AUC 0.3694 val loss 7.7498
  [seed 43] ForecastLSTM epoch 06/60 val AUC 0.4177 val loss 8.1142
  [seed 43] ForecastLSTM epoch 07/60 val AUC 0.3168 val loss 7.9027
  [seed 43] ForecastLSTM epoch 08/60 val AUC 0.3880 val loss 7.8323
  [seed 43] ForecastLSTM epoch 09/60 val AUC 0.4130 val loss 7.1189
  [seed 43] ForecastLSTM epoch 10/60 val AUC 0.4498 val loss 8.8901
  [seed 43] ForecastLSTM epoch 11/60 val AUC 0.4654 val loss 8.5232
  [seed 43] ForecastLSTM epoch 12/60 val AUC 0.5037 val loss 8.7384
  [seed 43] ForecastLSTM epoch 13/60 val AUC 0.4787 val loss 9.5753
  [seed 43] ForecastLSTM epoch 14/60 val AUC 0.4771 val loss 9.2292
  [seed 43] ForecastLSTM epoch 15/60 val AUC 0.4674 val loss 10.1476
  [seed 43] ForecastLSTM epoch 16/60 val AUC 0.4595 val loss 10.9717
  [seed 43] ForecastLSTM epoch 17/60 val AUC 0.4507 val loss 10.6195
  [seed 43] ForecastLSTM epoch 18/60 val AUC 0.4325 val loss 10.8451
  [seed 43] ForecastLSTM epoch 19/60 val AUC 0.4551 val loss 10.5968
  [seed 43] ForecastLSTM epoch 20/60 val AUC 0.4711 val loss 10.5167
  [seed 43] ForecastLSTM epoch 21/60 val AUC 0.4192 val loss 11.1164
  [seed 43] ForecastLSTM epoch 22/60 val AUC 0.4410 val loss 10.2600
  [seed 43] Early stopping triggered at epoch 22
  [seed 43] test AUC 0.7712
  [seed 44] ForecastLSTM epoch 01/60 val AUC 0.3527 val loss 5.8005
  [seed 44] ForecastLSTM epoch 02/60 val AUC 0.3721 val loss 7.0878
  [seed 44] ForecastLSTM epoch 03/60 val AUC 0.3632 val loss 7.1501
  [seed 44] ForecastLSTM epoch 04/60 val AUC 0.4078 val loss 6.3180
  [seed 44] ForecastLSTM epoch 05/60 val AUC 0.4138 val loss 7.5748
  [seed 44] ForecastLSTM epoch 06/60 val AUC 0.3520 val loss 8.8279
  [seed 44] ForecastLSTM epoch 07/60 val AUC 0.3440 val loss 9.2855
  [seed 44] ForecastLSTM epoch 08/60 val AUC 0.3529 val loss 9.7088
  [seed 44] ForecastLSTM epoch 09/60 val AUC 0.3250 val loss 10.0531
  [seed 44] ForecastLSTM epoch 10/60 val AUC 0.4050 val loss 11.0117
  [seed 44] ForecastLSTM epoch 11/60 val AUC 0.3342 val loss 9.5894
  [seed 44] ForecastLSTM epoch 12/60 val AUC 0.2804 val loss 9.2959
  [seed 44] ForecastLSTM epoch 13/60 val AUC 0.3157 val loss 9.6037
  [seed 44] ForecastLSTM epoch 14/60 val AUC 0.3245 val loss 8.9383
  [seed 44] ForecastLSTM epoch 15/60 val AUC 0.4043 val loss 8.8317
  [seed 44] Early stopping triggered at epoch 15
  [seed 44] test AUC 0.7796

--- Floors (test set) ---
  base-rate (majority)   AUC 0.5000   n=2662
  persistence            AUC 0.2750   n=2662

--- Hand-feature LSTM ---
  per-seed AUC: ['0.8196', '0.7712', '0.7796']  mean 0.7901  spread 0.0484
  ENSEMBLE (mean of 3 seeds' probabilities)   AUC 0.8257   n=2662

  Ensemble beats max(chance, persistence) by +0.3257 AUC.

--- Hand-feature LSTM ensemble (fold 2/5, test set) ---
  n                    2662
  accuracy             0.6270
  balanced_accuracy    0.7047
  precision            0.9201
  recall               0.5219
  f1                   0.6660
  roc_auc              0.8257
  pr_auc               0.9114
  mcc                  0.3776
  brier                0.3126
  log_loss             1.5467
  confusion_matrix:
    [679, 86]
    [907, 990]

================================================================
fold 3/5
================================================================
  splits (chronological): train=8152 val=2662 test=2662
    train: positive rate 0.348
    val  : positive rate 0.713
    test : positive rate 0.938

  positive rate over time (equal-width blocks):
    2024-05-01 .. 2024-07-23  pos rate 0.866  n=1996  split~train
    2024-07-23 .. 2024-10-14  pos rate 0.000  n=1997  split~train
    2024-10-14 .. 2025-01-05  pos rate 0.163  n=1997  split~train
    2025-01-05 .. 2025-03-29  pos rate 0.239  n=1997  split~train
    2025-03-29 .. 2025-06-20  pos rate 0.771  n=1997  split~val
    2025-06-21 .. 2025-09-12  pos rate 0.750  n=1997  split~val
    2025-09-12 .. 2025-12-04  pos rate 1.000  n=1997  split~test
    2025-12-04 .. 2026-02-25  pos rate 0.691  n=1997  split~test
    2026-02-25 .. 2026-05-19  pos rate 0.502  n=1997  split~-
    2026-05-19 .. 2026-08-11  pos rate 0.000  n=1997  split~-

  [!] test positive rate (0.938) is 2.70x train's (0.348) -- likely a swarm or quiet period concentrated in one split rather than the model generalizing. Compare AUC against the base-rate/persistence floors below (same skew), not against 0.5.

Training ForecastLSTM (3 seed(s)): [42, 43, 44]
  [seed 42] ForecastLSTM epoch 01/60 val AUC 0.4544 val loss 2.0513
  [seed 42] ForecastLSTM epoch 02/60 val AUC 0.4793 val loss 3.5419
  [seed 42] ForecastLSTM epoch 03/60 val AUC 0.4719 val loss 3.6619
  [seed 42] ForecastLSTM epoch 04/60 val AUC 0.5380 val loss 4.5041
  [seed 42] ForecastLSTM epoch 05/60 val AUC 0.5472 val loss 3.8451
  [seed 42] ForecastLSTM epoch 06/60 val AUC 0.5089 val loss 4.1899
  [seed 42] ForecastLSTM epoch 07/60 val AUC 0.5446 val loss 2.5007
  [seed 42] ForecastLSTM epoch 08/60 val AUC 0.5101 val loss 4.1804
  [seed 42] ForecastLSTM epoch 09/60 val AUC 0.6146 val loss 3.5937
  [seed 42] ForecastLSTM epoch 10/60 val AUC 0.5414 val loss 3.5810
  [seed 42] ForecastLSTM epoch 11/60 val AUC 0.5150 val loss 4.8250
  [seed 42] ForecastLSTM epoch 12/60 val AUC 0.4229 val loss 6.5302
  [seed 42] ForecastLSTM epoch 13/60 val AUC 0.4041 val loss 7.4746
  [seed 42] ForecastLSTM epoch 14/60 val AUC 0.4662 val loss 4.5188
  [seed 42] ForecastLSTM epoch 15/60 val AUC 0.4328 val loss 5.2051
  [seed 42] ForecastLSTM epoch 16/60 val AUC 0.5353 val loss 6.6897
  [seed 42] ForecastLSTM epoch 17/60 val AUC 0.5491 val loss 8.2707
  [seed 42] ForecastLSTM epoch 18/60 val AUC 0.5378 val loss 8.8479
  [seed 42] ForecastLSTM epoch 19/60 val AUC 0.5346 val loss 9.0785
  [seed 42] Early stopping triggered at epoch 19
  [seed 42] test AUC 0.7750
  [seed 43] ForecastLSTM epoch 01/60 val AUC 0.7367 val loss 2.0142
  [seed 43] ForecastLSTM epoch 02/60 val AUC 0.7379 val loss 2.7473
  [seed 43] ForecastLSTM epoch 03/60 val AUC 0.6574 val loss 3.3963
  [seed 43] ForecastLSTM epoch 04/60 val AUC 0.7408 val loss 1.3371
  [seed 43] ForecastLSTM epoch 05/60 val AUC 0.7393 val loss 8.1454
  [seed 43] ForecastLSTM epoch 06/60 val AUC 0.7341 val loss 5.0784
  [seed 43] ForecastLSTM epoch 07/60 val AUC 0.7703 val loss 3.2970
  [seed 43] ForecastLSTM epoch 08/60 val AUC 0.6580 val loss 2.5196
  [seed 43] ForecastLSTM epoch 09/60 val AUC 0.6768 val loss 3.9202
  [seed 43] ForecastLSTM epoch 10/60 val AUC 0.6459 val loss 6.4264
  [seed 43] ForecastLSTM epoch 11/60 val AUC 0.6685 val loss 3.3539
  [seed 43] ForecastLSTM epoch 12/60 val AUC 0.7266 val loss 3.1290
  [seed 43] ForecastLSTM epoch 13/60 val AUC 0.7157 val loss 6.4713
  [seed 43] ForecastLSTM epoch 14/60 val AUC 0.6883 val loss 7.0928
  [seed 43] ForecastLSTM epoch 15/60 val AUC 0.6482 val loss 4.2659
  [seed 43] ForecastLSTM epoch 16/60 val AUC 0.7037 val loss 2.9858
  [seed 43] ForecastLSTM epoch 17/60 val AUC 0.7048 val loss 3.6157
  [seed 43] Early stopping triggered at epoch 17
  [seed 43] test AUC 0.9128
  [seed 44] ForecastLSTM epoch 01/60 val AUC 0.6726 val loss 2.5016
  [seed 44] ForecastLSTM epoch 02/60 val AUC 0.7828 val loss 4.5255
  [seed 44] ForecastLSTM epoch 03/60 val AUC 0.7273 val loss 4.0736
  [seed 44] ForecastLSTM epoch 04/60 val AUC 0.6213 val loss 1.6431
  [seed 44] ForecastLSTM epoch 05/60 val AUC 0.5962 val loss 3.6873
  [seed 44] ForecastLSTM epoch 06/60 val AUC 0.6767 val loss 1.7494
  [seed 44] ForecastLSTM epoch 07/60 val AUC 0.6431 val loss 2.7053
  [seed 44] ForecastLSTM epoch 08/60 val AUC 0.7745 val loss 4.9439
  [seed 44] ForecastLSTM epoch 09/60 val AUC 0.6197 val loss 2.3541
  [seed 44] ForecastLSTM epoch 10/60 val AUC 0.5869 val loss 2.7559
  [seed 44] ForecastLSTM epoch 11/60 val AUC 0.8446 val loss 1.0207
  [seed 44] ForecastLSTM epoch 12/60 val AUC 0.6674 val loss 2.8266
  [seed 44] ForecastLSTM epoch 13/60 val AUC 0.6863 val loss 3.5710
  [seed 44] ForecastLSTM epoch 14/60 val AUC 0.6442 val loss 4.4934
  [seed 44] ForecastLSTM epoch 15/60 val AUC 0.6276 val loss 5.4246
  [seed 44] ForecastLSTM epoch 16/60 val AUC 0.7146 val loss 6.1522
  [seed 44] ForecastLSTM epoch 17/60 val AUC 0.6124 val loss 7.9375
  [seed 44] ForecastLSTM epoch 18/60 val AUC 0.6997 val loss 4.5729
  [seed 44] ForecastLSTM epoch 19/60 val AUC 0.7509 val loss 3.7995
  [seed 44] ForecastLSTM epoch 20/60 val AUC 0.6995 val loss 7.4544
  [seed 44] ForecastLSTM epoch 21/60 val AUC 0.6771 val loss 5.2969
  [seed 44] Early stopping triggered at epoch 21
  [seed 44] test AUC 0.7686

--- Floors (test set) ---
  base-rate (majority)   AUC 0.5000   n=2662
  persistence            AUC 0.5000   n=2662

--- Hand-feature LSTM ---
  per-seed AUC: ['0.7750', '0.9128', '0.7686']  mean 0.8188  spread 0.1442
  ENSEMBLE (mean of 3 seeds' probabilities)   AUC 0.8427   n=2662

  Ensemble beats max(chance, persistence) by +0.3427 AUC.

--- Hand-feature LSTM ensemble (fold 3/5, test set) ---
  n                    2662
  accuracy             0.5650
  balanced_accuracy    0.7027
  precision            0.9834
  recall               0.5456
  f1                   0.7019
  roc_auc              0.8427
  pr_auc               0.9871
  mcc                  0.1951
  brier                0.3955
  log_loss             2.9552
  confusion_matrix:
    [141, 23]
    [1135, 1363]

================================================================
fold 4/5
================================================================
  splits (chronological): train=10814 val=2662 test=2662
    train: positive rate 0.438
    val  : positive rate 0.938
    test : positive rate 0.810

  positive rate over time (equal-width blocks):
    2024-05-01 .. 2024-07-23  pos rate 0.866  n=1996  split~train
    2024-07-23 .. 2024-10-14  pos rate 0.000  n=1997  split~train
    2024-10-14 .. 2025-01-05  pos rate 0.163  n=1997  split~train
    2025-01-05 .. 2025-03-29  pos rate 0.239  n=1997  split~train
    2025-03-29 .. 2025-06-20  pos rate 0.771  n=1997  split~train
    2025-06-21 .. 2025-09-12  pos rate 0.750  n=1997  split~train
    2025-09-12 .. 2025-12-04  pos rate 1.000  n=1997  split~val
    2025-12-04 .. 2026-02-25  pos rate 0.691  n=1997  split~test
    2026-02-25 .. 2026-05-19  pos rate 0.502  n=1997  split~test
    2026-05-19 .. 2026-08-11  pos rate 0.000  n=1997  split~-

  [!] test positive rate (0.810) is 1.85x train's (0.438) -- likely a swarm or quiet period concentrated in one split rather than the model generalizing. Compare AUC against the base-rate/persistence floors below (same skew), not against 0.5.

Training ForecastLSTM (3 seed(s)): [42, 43, 44]
  [seed 42] ForecastLSTM epoch 01/60 val AUC 0.6813 val loss 3.8323
  [seed 42] ForecastLSTM epoch 02/60 val AUC 0.5758 val loss 5.0911
  [seed 42] ForecastLSTM epoch 03/60 val AUC 0.7683 val loss 2.6936
  [seed 42] ForecastLSTM epoch 04/60 val AUC 0.7413 val loss 3.9620
  [seed 42] ForecastLSTM epoch 05/60 val AUC 0.7434 val loss 4.6071
  [seed 42] ForecastLSTM epoch 06/60 val AUC 0.6750 val loss 3.4389
  [seed 42] ForecastLSTM epoch 07/60 val AUC 0.7892 val loss 3.3882
  [seed 42] ForecastLSTM epoch 08/60 val AUC 0.7611 val loss 3.8122
  [seed 42] ForecastLSTM epoch 09/60 val AUC 0.5967 val loss 3.6844
  [seed 42] ForecastLSTM epoch 10/60 val AUC 0.7200 val loss 3.9822
  [seed 42] ForecastLSTM epoch 11/60 val AUC 0.7758 val loss 4.5377
  [seed 42] ForecastLSTM epoch 12/60 val AUC 0.7398 val loss 4.0443
  [seed 42] ForecastLSTM epoch 13/60 val AUC 0.7380 val loss 5.3113
  [seed 42] ForecastLSTM epoch 14/60 val AUC 0.7341 val loss 4.1985
  [seed 42] ForecastLSTM epoch 15/60 val AUC 0.7594 val loss 3.9910
  [seed 42] ForecastLSTM epoch 16/60 val AUC 0.7460 val loss 5.0848
  [seed 42] ForecastLSTM epoch 17/60 val AUC 0.7440 val loss 5.4159
  [seed 42] Early stopping triggered at epoch 17
  [seed 42] test AUC 0.5203
  [seed 43] ForecastLSTM epoch 01/60 val AUC 0.6632 val loss 3.6685
  [seed 43] ForecastLSTM epoch 02/60 val AUC 0.7070 val loss 2.8772
  [seed 43] ForecastLSTM epoch 03/60 val AUC 0.5323 val loss 2.4839
  [seed 43] ForecastLSTM epoch 04/60 val AUC 0.5566 val loss 2.3942
  [seed 43] ForecastLSTM epoch 05/60 val AUC 0.4693 val loss 4.9633
  [seed 43] ForecastLSTM epoch 06/60 val AUC 0.6720 val loss 2.7206
  [seed 43] ForecastLSTM epoch 07/60 val AUC 0.4668 val loss 4.5824
  [seed 43] ForecastLSTM epoch 08/60 val AUC 0.4741 val loss 4.8130
  [seed 43] ForecastLSTM epoch 09/60 val AUC 0.3940 val loss 6.4562
  [seed 43] ForecastLSTM epoch 10/60 val AUC 0.6959 val loss 6.2037
  [seed 43] ForecastLSTM epoch 11/60 val AUC 0.4385 val loss 5.0313
  [seed 43] ForecastLSTM epoch 12/60 val AUC 0.4693 val loss 5.8106
  [seed 43] Early stopping triggered at epoch 12
  [seed 43] test AUC 0.3880
  [seed 44] ForecastLSTM epoch 01/60 val AUC 0.7419 val loss 3.0487
  [seed 44] ForecastLSTM epoch 02/60 val AUC 0.6971 val loss 3.3184
  [seed 44] ForecastLSTM epoch 03/60 val AUC 0.7448 val loss 3.9591
  [seed 44] ForecastLSTM epoch 04/60 val AUC 0.6664 val loss 3.6673
  [seed 44] ForecastLSTM epoch 05/60 val AUC 0.7224 val loss 4.0949
  [seed 44] ForecastLSTM epoch 06/60 val AUC 0.7148 val loss 3.3544
  [seed 44] ForecastLSTM epoch 07/60 val AUC 0.5141 val loss 5.8484
  [seed 44] ForecastLSTM epoch 08/60 val AUC 0.6786 val loss 4.3769
  [seed 44] ForecastLSTM epoch 09/60 val AUC 0.7849 val loss 2.8143
  [seed 44] ForecastLSTM epoch 10/60 val AUC 0.8279 val loss 2.9847
  [seed 44] ForecastLSTM epoch 11/60 val AUC 0.6791 val loss 5.0142
  [seed 44] ForecastLSTM epoch 12/60 val AUC 0.7425 val loss 1.3808
  [seed 44] ForecastLSTM epoch 13/60 val AUC 0.6326 val loss 2.5436
  [seed 44] ForecastLSTM epoch 14/60 val AUC 0.3820 val loss 5.5648
  [seed 44] ForecastLSTM epoch 15/60 val AUC 0.6849 val loss 3.6229
  [seed 44] ForecastLSTM epoch 16/60 val AUC 0.6442 val loss 3.1117
  [seed 44] ForecastLSTM epoch 17/60 val AUC 0.6662 val loss 3.8195
  [seed 44] ForecastLSTM epoch 18/60 val AUC 0.6408 val loss 4.6482
  [seed 44] ForecastLSTM epoch 19/60 val AUC 0.6590 val loss 5.2458
  [seed 44] ForecastLSTM epoch 20/60 val AUC 0.6619 val loss 6.2269
  [seed 44] Early stopping triggered at epoch 20
  [seed 44] test AUC 0.4132

--- Floors (test set) ---
  base-rate (majority)   AUC 0.5000   n=2662
  persistence            AUC 0.3383   n=2662

--- Hand-feature LSTM ---
  per-seed AUC: ['0.5203', '0.3880', '0.4132']  mean 0.4405  spread 0.1323
  ENSEMBLE (mean of 3 seeds' probabilities)   AUC 0.4111   n=2662

  [!] Ensemble does NOT clear max(chance, persistence) -- not evidence of forecasting skill.

--- Hand-feature LSTM ensemble (fold 4/5, test set) ---
  n                    2662
  accuracy             0.5917
  balanced_accuracy    0.4408
  precision            0.7837
  recall               0.6845
  f1                   0.7307
  roc_auc              0.4111
  pr_auc               0.7684
  mcc                  -0.1021
  brier                0.3496
  log_loss             2.2549
  confusion_matrix:
    [100, 407]
    [680, 1475]

================================================================
fold 5/5
================================================================
  splits (chronological): train=13476 val=2662 test=2662
    train: positive rate 0.537
    val  : positive rate 0.810
    test : positive rate 0.000

  positive rate over time (equal-width blocks):
    2024-05-01 .. 2024-07-23  pos rate 0.866  n=1996  split~train
    2024-07-23 .. 2024-10-14  pos rate 0.000  n=1997  split~train
    2024-10-14 .. 2025-01-05  pos rate 0.163  n=1997  split~train
    2025-01-05 .. 2025-03-29  pos rate 0.239  n=1997  split~train
    2025-03-29 .. 2025-06-20  pos rate 0.771  n=1997  split~train
    2025-06-21 .. 2025-09-12  pos rate 0.750  n=1997  split~train
    2025-09-12 .. 2025-12-04  pos rate 1.000  n=1997  split~train
    2025-12-04 .. 2026-02-25  pos rate 0.691  n=1997  split~val
    2026-02-25 .. 2026-05-19  pos rate 0.502  n=1997  split~val
    2026-05-19 .. 2026-08-11  pos rate 0.000  n=1997  split~test

  [!] test positive rate (0.000) is 0.00x train's (0.537) -- likely a swarm or quiet period concentrated in one split rather than the model generalizing. Compare AUC against the base-rate/persistence floors below (same skew), not against 0.5.

Training ForecastLSTM (3 seed(s)): [42, 43, 44]
  [seed 42] ForecastLSTM epoch 01/60 val AUC 0.4322 val loss 2.2138
  [seed 42] ForecastLSTM epoch 02/60 val AUC 0.4038 val loss 2.0023
  [seed 42] ForecastLSTM epoch 03/60 val AUC 0.4085 val loss 2.3544
  [seed 42] ForecastLSTM epoch 04/60 val AUC 0.4546 val loss 1.8950
  [seed 42] ForecastLSTM epoch 05/60 val AUC 0.4187 val loss 2.4886
  [seed 42] ForecastLSTM epoch 06/60 val AUC 0.4321 val loss 2.7540
  [seed 42] ForecastLSTM epoch 07/60 val AUC 0.4424 val loss 2.7237
  [seed 42] ForecastLSTM epoch 08/60 val AUC 0.3845 val loss 2.8284
  [seed 42] ForecastLSTM epoch 09/60 val AUC 0.4111 val loss 3.6680
  [seed 42] ForecastLSTM epoch 10/60 val AUC 0.4409 val loss 2.7914
  [seed 42] ForecastLSTM epoch 11/60 val AUC 0.4183 val loss 3.1120
  [seed 42] ForecastLSTM epoch 12/60 val AUC 0.4075 val loss 3.1835
  [seed 42] ForecastLSTM epoch 13/60 val AUC 0.4306 val loss 2.9096
  [seed 42] ForecastLSTM epoch 14/60 val AUC 0.4202 val loss 3.1868
  [seed 42] Early stopping triggered at epoch 14
  [seed 42] test AUC nan
  [seed 43] ForecastLSTM epoch 01/60 val AUC 0.4500 val loss 1.3576
  [seed 43] ForecastLSTM epoch 02/60 val AUC 0.4025 val loss 2.1750
  [seed 43] ForecastLSTM epoch 03/60 val AUC 0.3962 val loss 2.5176
  [seed 43] ForecastLSTM epoch 04/60 val AUC 0.3957 val loss 3.2812
  [seed 43] ForecastLSTM epoch 05/60 val AUC 0.4102 val loss 2.1195
  [seed 43] ForecastLSTM epoch 06/60 val AUC 0.3445 val loss 2.6080
  [seed 43] ForecastLSTM epoch 07/60 val AUC 0.3936 val loss 3.7179
  [seed 43] ForecastLSTM epoch 08/60 val AUC 0.3975 val loss 2.0467
  [seed 43] ForecastLSTM epoch 09/60 val AUC 0.3961 val loss 3.2893
  [seed 43] ForecastLSTM epoch 10/60 val AUC 0.3886 val loss 3.0423
  [seed 43] ForecastLSTM epoch 11/60 val AUC 0.4274 val loss 2.8871
  [seed 43] Early stopping triggered at epoch 11
  [seed 43] test AUC nan
  [seed 44] ForecastLSTM epoch 01/60 val AUC 0.4523 val loss 1.4368
  [seed 44] ForecastLSTM epoch 02/60 val AUC 0.3728 val loss 3.1725
  [seed 44] ForecastLSTM epoch 03/60 val AUC 0.4128 val loss 2.0190
  [seed 44] ForecastLSTM epoch 04/60 val AUC 0.4444 val loss 2.1027
  [seed 44] ForecastLSTM epoch 05/60 val AUC 0.4548 val loss 1.7187
  [seed 44] ForecastLSTM epoch 06/60 val AUC 0.4510 val loss 1.7705
  [seed 44] ForecastLSTM epoch 07/60 val AUC 0.4566 val loss 2.6005
  [seed 44] ForecastLSTM epoch 08/60 val AUC 0.4140 val loss 1.9298
  [seed 44] ForecastLSTM epoch 09/60 val AUC 0.4466 val loss 2.2542
  [seed 44] ForecastLSTM epoch 10/60 val AUC 0.4400 val loss 2.1161
  [seed 44] ForecastLSTM epoch 11/60 val AUC 0.4488 val loss 2.8975
  [seed 44] ForecastLSTM epoch 12/60 val AUC 0.4217 val loss 2.0702
  [seed 44] ForecastLSTM epoch 13/60 val AUC 0.3656 val loss 2.8002
  [seed 44] ForecastLSTM epoch 14/60 val AUC 0.4314 val loss 3.6992
  [seed 44] ForecastLSTM epoch 15/60 val AUC 0.4462 val loss 3.6294
  [seed 44] ForecastLSTM epoch 16/60 val AUC 0.4456 val loss 2.4729
  [seed 44] ForecastLSTM epoch 17/60 val AUC 0.4268 val loss 3.2243
  [seed 44] Early stopping triggered at epoch 17
  [seed 44] test AUC nan

--- Floors (test set) ---
  base-rate (majority)   AUC nan   n=2662
  persistence            AUC nan   n=2662

--- Hand-feature LSTM ---
  per-seed AUC: ['nan', 'nan', 'nan']  mean nan  spread nan
  ENSEMBLE (mean of 3 seeds' probabilities)   AUC nan   n=2662

  Ensemble beats max(chance, persistence) by +nan AUC.

--- Hand-feature LSTM ensemble (fold 5/5, test set) ---
  n                    2662
  accuracy             0.2491
  balanced_accuracy    0.2491
  precision            0.0000
  recall               0.0000
  f1                   0.0000
  roc_auc              nan
  pr_auc               nan
  mcc                  nan
  brier                nan
  log_loss             nan
  confusion_matrix:
    [663, 1999]
    [0, 0]

================================================================
Walk-forward CV summary (5/5 folds, horizon=30d)
================================================================
  ensemble AUC per fold: ['0.5243', '0.8257', '0.8427', '0.4111', 'nan']
  ensemble AUC:  mean 0.6510  std 0.1877  (1 fold(s) undefined -- single-class test set)
  floor AUC:     mean 0.5000  std 0.0000
  beats its own fold's floor in 3/5 folds
